// Jest Snapshot v1, https://goo.gl/fbAQLP

exports[`Weather Component snapshot 1`] = `
<div
  className="search-box rainy"
>
  <h1>
    Search Weather 
    <span
      className="text-muted"
    >
      by city or, geolocation
    </span>
  </h1>
  <div
    className="search_container"
  >
    <form
      onSubmit={[Function]}
    >
      <input
        className="search-field"
        onChange={[Function]}
        placeholder="Please enter a city name"
        type="text"
        value=""
      />
      <button
        className="search-btn"
        type="submit"
      >
        search
      </button>
      <a
        className="location"
        href="#"
      />
    </form>
  </div>
</div>
`;
