// Jest Snapshot v1, https://goo.gl/fbAQLP

exports[`APP Component snapshot 1`] = `
<div
  className="container-fluid"
  computedMatch={
    Object {
      "isExact": true,
      "params": Object {},
      "path": "/",
      "url": "/",
    }
  }
  location={
    Object {
      "hash": "",
      "pathname": "/",
      "search": "",
      "state": undefined,
    }
  }
>
  <div
    className="container search-box"
  >
    <h1>
      Search Weather 
      <span
        className="text-muted"
      >
        by 
        <a
          href="/city"
          onClick={[Function]}
        >
          city
        </a>
         or, 
        <a
          href="/geolocation"
          onClick={[Function]}
        >
          geolocation
        </a>
      </span>
    </h1>
  </div>
</div>
`;
